
<!DOCTYPE html>
<html lang="en">
    <head>
        <title>Go Blog</title>
        <meta charset="utf-8" />
        <meta name="description" content="First blog made with Go templates" />
    </head>
    <body>
        <nav role="navigation">
            <h1>Building Gopher's blog</h1>
            <ul>
                <li><a href="/">Home</a></li>
                <li><a href="about">About</a></li>
                <li><a href="archive">Archive</a></li>
            </ul>
        </nav>
        <main>

        <ol>
            <li><a href="/post/hello-world">Hello World</a></li>
            <li><a href="/post/hello-world-2">Hello World 2</a></li>
            
        </ol>

        </main>
        <footer>
            <ul>
                <li><a href="https://github.com/alehenestroza">GitHub</a></li>
                <li><a href="https://linkedin.com/in/alejandro-henestroza">LinkedIn</a></li>
            </ul>
        </footer>
    </body>
</html>

